ERROR INFO WARN
17
WARN ERROR WARN WARN WARN ERROR WARN WARN WARN WARN ERROR ERROR ERROR ERROR WARN ERROR ERROR ERROR ERROR WARN ERROR ERROR ERROR WARN WARN WARN WARN ERROR ERROR ERROR WARN ERROR ERROR
ERROR WARN
WARN ERROR WARN WARN WARN ERROR WARN WARN WARN WARN ERROR ERROR ERROR ERROR WARN ERROR ERROR ERROR ERROR WARN ERROR ERROR ERROR WARN WARN WARN WARN ERROR ERROR ERROR WARN ERROR ERROR
WARN ERROR WARN WARN WARN ERROR WARN WARN WARN WARN ERROR ERROR ERROR ERROR WARN ERROR ERROR ERROR ERROR WARN ERROR ERROR ERROR WARN WARN WARN WARN ERROR ERROR ERROR WARN ERROR ERROR
0
ERROR WARN
15
ERROR WARN
WARN ERROR WARN WARN WARN ERROR WARN WARN WARN WARN ERROR ERROR ERROR ERROR WARN ERROR ERROR ERROR ERROR WARN ERROR ERROR ERROR WARN WARN WARN WARN ERROR ERROR ERROR WARN ERROR ERROR
ERROR WARN
18
WARN
0
0
WARN
WARN
0
0
0
0
0
0

0

0


0
0
